<?xml version="1.0" encoding="UTF-8"?>
<module type="JAVA_MODULE" version="4">
  <component name="NewModuleRootManager" inherit-compiler-output="true">
    <content url="file://$MODULE_DIR$">
    </content>
    <orderEntry type="module" module-name="modules_dep1" scope="COMPILE"  />
    <orderEntry type="library" name="library_libs_generated" scope="TEST" level="project"  />
    <orderEntry type="library" name="library_libs_guava" scope="COMPILE" level="project"  />
    <orderEntry type="library" name="library_libs_jsr305" scope="COMPILE" level="project"  />
    <orderEntry type="library" name="library_libs_junit" scope="TEST" level="project"  />
    <orderEntry type="sourceFolder" forTests="false" />

    <orderEntry type="inheritedJdk" />
  </component>
</module>
